WrappedAbstract (Abs2 1)
WrappedAbstract (Abs2 (Age 1))
